// Jest Snapshot v1, https://goo.gl/fbAQLP

exports[`SearchForm renders the component 1`] = `
<div class="columns">
  <div class="column">
    <div class="field"><label class="label">Username</label>
      <div class="control is-clearfix"><input type="text" autocomplete="on" class="input">
        <!---->
        <!---->
        <!---->
      </div>
      <!---->
    </div>
  </div>
  <div class="column"><button type="button" class="button is-primary is-outlined">
      <!----> <span>
      Add
    </span>
      <!----></button></div>
</div>
`;
